// Vitest Snapshot v1, https://vitest.dev/guide/snapshot.html

exports[`Published > renders correctly 1`] = `"<div data-v-1e534244="" role="contentinfo" aria-label="Data di pubblicazione"><time data-v-1e534244="" datetime="2024-03-20T10:00:00.000Z">Pubblicato: mercoled√¨ 20 marzo 2024</time></div>"`;
