// Vitest Snapshot v1, https://vitest.dev/guide/snapshot.html

exports[`Outdated > renders correctly when post is outdated 1`] = `
"<div data-v-0f20dc1b=""><svg data-v-0f20dc1b="" xmlns="http://www.w3.org/2000/svg" fill="none" viewBox="0 0 24 24">
    <path data-v-0f20dc1b="" stroke-linecap="round" stroke-linejoin="round" stroke-width="2" d="M12 9v2m0 4h.01m-6.938 4h13.856c1.54 0 2.502-1.667 1.732-3L13.732 4c-.77-1.333-2.694-1.333-3.464 0L3.34 16c-.77 1.333.192 3 1.732 3z"></path>
  </svg><span data-v-0f20dc1b=""><strong data-v-0f20dc1b="">ATTENZIONE!</strong> Questo post ha qualche anno sulle spalle, quindi Ã¨ molto probabile che il contesto degli argomenti trattati non sia piÃ¹ attuale. Controlla la data di pubblicazione prima di continuare a leggere ðŸ™‚</span></div>"
`;
