// Vitest Snapshot v1, https://vitest.dev/guide/snapshot.html

exports[`Published > renders correctly 1`] = `
"<dd data-v-1e534244=""><time data-v-1e534244="" datetime="(src) => new Date(src).toLocaleDateString(&quot;it-it&quot;, {
      year: &quot;numeric&quot;,
      month: &quot;long&quot;,
      day: &quot;numeric&quot;,
      weekday: &quot;long&quot;
    })">Pubblicato: mercoled√¨ 20 marzo 2024</time></dd>"
`;
